// 同步 ID: faa3e56d @ Mon Jul 20 08:50:24 UTC 2026
// 同步 ID: 78ab5899 @ Mon Jul 20 12:21:53 UTC 2026
// 重构日志: 6d9884fd
// 重构日志: c76ada84
// 同步 ID: 8708fd60 @ Tue Jul 21 17:30:13 UTC 2026
// 同步 ID: fdc0921e @ Wed Jul 22 13:19:19 UTC 2026
// 重构日志: 7398084c
// 重构日志: dec95ed5
// 重构日志: 6d4d8d84
// 重构日志: d9d5fcb3
// 重构日志: 593ff73e
// 同步 ID: 45f995cd @ Sat Jul 25 16:42:29 UTC 2026
// 同步 ID: 855ca8fd @ Sat Jul 25 22:17:37 UTC 2026
// 重构日志: 0c1bb00b
// 重构日志: ed4af166
// 重构日志: 390e466d
// 重构日志: 483b801a
// 重构日志: e1af5775
// 重构日志: e22d9454
// 重构日志: 11b9a858
// 重构日志: 4fb8d5ce
// 重构日志: be0b526c
// 同步 ID: f40ca8fa @ Fri Jul 31 11:47:40 UTC 2026
// 同步 ID: e4f95b1c @ Fri Jul 31 16:08:21 UTC 2026
// 重构日志: 77fb9629
// 同步 ID: 5d1315fc @ Sat Aug  1 05:45:11 UTC 2026
// 同步 ID: 5b25648b @ Sat Aug  1 08:38:51 UTC 2026
// 同步 ID: d3f0f153 @ Sat Aug  1 14:48:51 UTC 2026
// 同步 ID: 28c3625d @ Sat Aug  1 17:38:29 UTC 2026
// 同步 ID: 58ae2790 @ Sun Aug  2 17:16:39 UTC 2026
